// Jest Snapshot v1, https://goo.gl/fbAQLP

exports[`<LoginPage /> should render correctly when the user is logged in 1`] = `
<DocumentFragment>
  <div
    class="box-layout"
  >
    <div
      class="box-layout__box"
    >
      <div>
        <h3
          class="MuiTypography-root box-layout__title MuiTypography-h3"
          style="font-size: 30px; margin-bottom: 14px; font-weight: 600;"
        >
          Blogify
        </h3>
        <p
          class="MuiTypography-root MuiTypography-body1 MuiTypography-gutterBottom"
        >
          Create and share posts that are interesting to 
          <span
            style="font-weight: bold;"
          >
            you.
          </span>
        </p>
        <p
          class="MuiTypography-root MuiTypography-body1"
          style="font-size: 15px; margin-bottom: 18px;"
        >
          Let the world know what you're up to.
        </p>
        <button
          class="button__login--google"
          type="button"
        >
          <i
            aria-hidden="true"
            class="fa fa-google"
          />
        </button>
        <button
          class="button__login--facebook"
          type="button"
        >
          <i
            aria-hidden="true"
            class="fa fa-facebook"
          />
        </button>
        <button
          class="button__login--amazon"
          type="button"
        >
          <i
            aria-hidden="true"
            class="fa fa-amazon"
          />
        </button>
        <p
          class="MuiTypography-root MuiTypography-body1"
          style="font-size: 17px; margin: 0px 20px 18px;"
        >
          Login with any social media or search browse through public posts by clicking "Search" below
        </p>
        <button
          class="MuiButtonBase-root MuiButton-root MuiButton-contained MuiButton-containedPrimary"
          style="text-decoration: none; color: white;"
          tabindex="0"
          type="button"
        >
          <span
            class="MuiButton-label"
          >
            <i
              class="fa fa-search"
              style="margin-right: 5px;"
            />
             Search
          </span>
          <span
            class="MuiTouchRipple-root"
          />
        </button>
      </div>
    </div>
  </div>
</DocumentFragment>
`;
